// Jest Snapshot v1, https://goo.gl/fbAQLP

exports[`attribute.hbs 1`] = `
<div title='

  a title with random


  newlines'></div>

<div TITLE='

  a title with random


  newlines'></div>

<div title='

  a title with random


  newlines
  and {{mustaches}}

'></div>

<div TITLE='

  a title with random


  newlines
  and {{mustaches}}

'></div>
~~~~~~~~~~~~~~~~~~~~~~~~~~~~~~~~~~~~~~~~~~~~~~~~~~~~~~~~~~~~~~~~~~~~~~~~~~~~~~~~
<div
  title="

  a title with random


  newlines"
></div>

<div
  TITLE="

  a title with random


  newlines"
></div>

<div
  title="

  a title with random


  newlines
  and {{mustaches}}

"
></div>

<div
  TITLE="

  a title with random


  newlines
  and {{mustaches}}

"
></div>
`;

exports[`class-name.hbs 1`] = `
<div class='class and other'></div>
<div class=' class and other '></div>
<div CLASs=' class and other '></div>
<p class=" a list of


weirdly formatted


classes">String</p>
<p class=" a list of


weirdly formatted


{{this.classes}}">String</p>
<p CLASS=" a list of


weirdly formatted


{{this.classes}}">String</p>

<Foo class="
"/>
~~~~~~~~~~~~~~~~~~~~~~~~~~~~~~~~~~~~~~~~~~~~~~~~~~~~~~~~~~~~~~~~~~~~~~~~~~~~~~~~
<div class="class and other"></div>
<div class="class and other"></div>
<div CLASs="class and other"></div>
<p class="a list of weirdly formatted classes">String</p>
<p class="a list of weirdly formatted {{this.classes}}">String</p>
<p CLASS="a list of weirdly formatted {{this.classes}}">String</p>

<Foo class="" />
`;

exports[`order.hbs 1`] = `
<MyComponent
  {{! this is a comment for arg 1}}
  @arg1="hello"
  {{on "clik" this.modify}}
  @arg2="hello"
  {{! this is a comment for arg 3}}
  @arg3="hello"
  @arg4="hello"
  {{! this is a comment for arg 5}}
  @arg5="hello"
  ...arguments
/>
~~~~~~~~~~~~~~~~~~~~~~~~~~~~~~~~~~~~~~~~~~~~~~~~~~~~~~~~~~~~~~~~~~~~~~~~~~~~~~~~
<MyComponent
  {{! this is a comment for arg 1}}
  @arg1="hello"
  {{on "clik" this.modify}}
  @arg2="hello"
  {{! this is a comment for arg 3}}
  @arg3="hello"
  @arg4="hello"
  {{! this is a comment for arg 5}}
  @arg5="hello"
  ...arguments
/>
`;

exports[`quotes.hbs 1`] = `
<div title="'' {{ foo }}"></div>
<div title='"" {{ bar }}'></div>
~~~~~~~~~~~~~~~~~~~~~~~~~~~~~~~~~~~~~~~~~~~~~~~~~~~~~~~~~~~~~~~~~~~~~~~~~~~~~~~~
<div title="'' {{foo}}"></div>
<div title='"" {{bar}}'></div>
`;
